// Jest Snapshot v1, https://goo.gl/fbAQLP

exports[`Pruenas en <FirstApp /> Debe hacer match con el snapshot 1`] = `
<div>
  <h1
    data-testid="test-title"
  >
    Hola, soy el Kukun
  </h1>
  <p>
    No hay subt√≠tulo
  </p>
  <p>
    Alex
  </p>
</div>
`;
